------------------------------------------------------------------------------------------------------------------
      name:  <unnamed>
       log:  C:\Users\rayde\Documents\wage_ivreg2.log
  log type:  text
 opened on:  31 May 2019, 18:25:25

. 
. ********************************************************************************
. **** Instructional dataset, N=935, cross-sectional data on wages Accompanying 
. **** Introductory Econometrics: A Modern Approach, Jeffrey M. Wooldridge, South-Western 
. **** College Publishing, (c) 2000 Datasets also accessible from http://wooldridge.swcollege.com.
. ********************************************************************************
. 
. reg educ brthord

      Source |       SS           df       MS      Number of obs   =       852
-------------+----------------------------------   F(1, 850)       =     37.29
       Model |  173.087012         1  173.087012   Prob > F        =    0.0000
    Residual |  3945.88364       850  4.64221605   R-squared       =    0.0420
-------------+----------------------------------   Adj R-squared   =    0.0409
       Total |  4118.97066       851  4.84015353   Root MSE        =    2.1546

------------------------------------------------------------------------------
        educ |      Coef.   Std. Err.      t    P>|t|     [95% Conf. Interval]
-------------+----------------------------------------------------------------
     brthord |  -.2826441   .0462882    -6.11   0.000    -.3734967   -.1917915
       _cons |   14.14945   .1286754   109.96   0.000     13.89689    14.40201
------------------------------------------------------------------------------

. test brthord

 ( 1)  brthord = 0

       F(  1,   850) =   37.29
            Prob > F =    0.0000

. di "F-stat: " e(F) " Adj-R2: " e(r2_a) " RMSE: " e(rmse)
F-stat: 37.285428 Adj-R2: .04089488 RMSE: 2.1545802

. 
. reg educ sibs

      Source |       SS           df       MS      Number of obs   =       935
-------------+----------------------------------   F(1, 933)       =     56.67
       Model |  258.055048         1  258.055048   Prob > F        =    0.0000
    Residual |   4248.7642       933  4.55387374   R-squared       =    0.0573
-------------+----------------------------------   Adj R-squared   =    0.0562
       Total |  4506.81925       934  4.82528828   Root MSE        =     2.134

------------------------------------------------------------------------------
        educ |      Coef.   Std. Err.      t    P>|t|     [95% Conf. Interval]
-------------+----------------------------------------------------------------
        sibs |  -.2279164   .0302768    -7.53   0.000     -.287335   -.1684979
       _cons |   14.13879   .1131382   124.97   0.000     13.91676    14.36083
------------------------------------------------------------------------------

. test sibs

 ( 1)  sibs = 0

       F(  1,   933) =   56.67
            Prob > F =    0.0000

. di "F-stat: " e(F) " Adj-R2: " e(r2_a) " RMSE: " e(rmse)
F-stat: 56.66715 Adj-R2: .05624836 RMSE: 2.1339807

. 
. ***** Siblings has a higher F-stat than brthord
. 
. reg educ brthord sibs

      Source |       SS           df       MS      Number of obs   =       852
-------------+----------------------------------   F(2, 849)       =     26.29
       Model |  240.246365         2  120.123183   Prob > F        =    0.0000
    Residual |  3878.72429       849  4.56857985   R-squared       =    0.0583
-------------+----------------------------------   Adj R-squared   =    0.0561
       Total |  4118.97066       851  4.84015353   Root MSE        =    2.1374

------------------------------------------------------------------------------
        educ |      Coef.   Std. Err.      t    P>|t|     [95% Conf. Interval]
-------------+----------------------------------------------------------------
     brthord |  -.1526742   .0570764    -2.67   0.008    -.2647017   -.0406467
        sibs |  -.1528673   .0398705    -3.83   0.000    -.2311236   -.0746109
       _cons |    14.2965   .1332881   107.26   0.000     14.03489    14.55811
------------------------------------------------------------------------------

. test brthord sibs

 ( 1)  brthord = 0
 ( 2)  sibs = 0

       F(  2,   849) =   26.29
            Prob > F =    0.0000

. di "F-stat: " e(F) " Adj-R2: " e(r2_a) " RMSE: " e(rmse)
F-stat: 26.293331 Adj-R2: .05610849 RMSE: 2.1374236

. 
. **** F-stat in regression including both brthord and siblings lower than siblings alone
. **** Adj R2 not improved with regression including both brthord and sibs
. 
. qui {
lwage sibs (educ = brthord) - Chi-2: 21.871187 Adj-R2: .RMSE: .42623075
lwage black tenure (educ= brthord sibs) - Chi-2: 86.911625 Adj-R2: .11636863 RMSE: .38952533
lwage black tenure (educ= sibs) - Chi-2: 84.339064 Adj-R2: .14263238 RMSE: .38369282

. **** r2_a improves and chi2 remains the same using only sibs as instrument for education
. **** More instruments than endogenous variables; 
. **** Inside parenth, the variables are excluded in the 2nd stage but included in the first stage*
. 
. estimates table e1 e2 e3, stat(chi2 r2_a rmse) star(.1 .01 .001)

--------------------------------------------------------------
    Variable |      e1              e2              e3        
-------------+------------------------------------------------
        educ |  .13699413*      .10039772***    .08705182**   
        sibs |  .00211076                                     
       black |                 -.17147144***     -.185081***  
      tenure |                  .01550297***     .0152837***  
       _cons |  4.9385273***    5.3451431***    5.5285241***  
-------------+------------------------------------------------
        chi2 |  21.871187       86.911625       84.339064     
        r2_a |          .       .11636863       .14263238     
        rmse |  .42623075       .38952533       .38369282     
--------------------------------------------------------------
                          legend: * p<.1; ** p<.01; *** p<.001

. **** The significance of education decreases slightly in magnitude and significance using only sibs as instrumen
> t
. 
. ivregress 2sls lwage black tenure (educ= brthord sibs) 

Instrumental variables (2SLS) regression          Number of obs   =        852
                                                  Wald chi2(3)    =      86.91
                                                  Prob > chi2     =     0.0000
                                                  R-squared       =     0.1195
                                                  Root MSE        =     .38953

------------------------------------------------------------------------------
       lwage |      Coef.   Std. Err.      z    P>|z|     [95% Conf. Interval]
-------------+----------------------------------------------------------------
        educ |   .1003977   .0281091     3.57   0.000      .045305    .1554905
       black |  -.1714714   .0510765    -3.36   0.001    -.2715795   -.0713634
      tenure |    .015503   .0026588     5.83   0.000     .0102918    .0207141
       _cons |   5.345143   .3869809    13.81   0.000     4.586674    6.103612
------------------------------------------------------------------------------
Instrumented:  educ
Instruments:   black tenure brthord sibs

. estat overid 

  Tests of overidentifying restrictions:

  Sargan (score) chi2(1) =  .904692  (p = 0.3415)
  Basmann chi2(1)        =  .900339  (p = 0.3427)

. **** Test of validity - not overidentified
. 
. ivregress 2sls lwage black tenure (educ= sibs) 

Instrumental variables (2SLS) regression          Number of obs   =        935
                                                  Wald chi2(3)    =      97.32
                                                  Prob > chi2     =     0.0000
                                                  R-squared       =     0.1440
                                                  Root MSE        =     .38944

------------------------------------------------------------------------------
       lwage |      Coef.   Std. Err.      z    P>|z|     [95% Conf. Interval]
-------------+----------------------------------------------------------------
        educ |    .082147   .0298118     2.76   0.006      .023717     .140577
       black |  -.1765424    .052412    -3.37   0.001     -.279268   -.0738167
      tenure |   .0157973   .0026015     6.07   0.000     .0106985    .0208962
       _cons |   5.580988   .4114873    13.56   0.000     4.774487    6.387488
------------------------------------------------------------------------------
Instrumented:  educ
Instruments:   black tenure sibs

. estat endogenous 

  Tests of endogeneity
  Ho: variables are exogenous

  Durbin (score) chi2(1)          =  .856392  (p = 0.3548)
  Wu-Hausman F(1,930)             =  .852593  (p = 0.3561)

. **** Cannot reject the null that variables are exogenous
. estat firststage

  First-stage regression summary statistics
  --------------------------------------------------------------------------
               |            Adjusted      Partial
      Variable |   R-sq.       R-sq.        R-sq.      F(1,931)   Prob > F
  -------------+------------------------------------------------------------
          educ |  0.0726      0.0696       0.0392       38.0119    0.0000
  --------------------------------------------------------------------------


  Minimum eigenvalue statistic = 38.0119     

  Critical Values                      # of endogenous regressors:    1
  Ho: Instruments are weak             # of excluded instruments:     1
  ---------------------------------------------------------------------
                                     |    5%     10%     20%     30%
  2SLS relative bias                 |         (not available)
  -----------------------------------+---------------------------------
                                     |   10%     15%     20%     25%
  2SLS Size of nominal 5% Wald test  |  16.38    8.96    6.66    5.53
  LIML Size of nominal 5% Wald test  |  16.38    8.96    6.66    5.53
  ---------------------------------------------------------------------


. **** Exceeds F-stat threshold for relevant instrument and Wald test ratio 
. 
. pwcorr lwage educ exper tenure black brthord sibs, star(.01)

             |    lwage     educ    exper   tenure    black  brthord     sibs
-------------+---------------------------------------------------------------
       lwage |   1.0000 
        educ |   0.3121*  1.0000 
       exper |   0.0206  -0.4556*  1.0000 
      tenure |   0.1859* -0.0362   0.2437*  1.0000 
       black |  -0.2321* -0.1795*  0.0558  -0.0782   1.0000 
     brthord |  -0.1419* -0.2050*  0.0883* -0.0285   0.1034*  1.0000 
        sibs |  -0.1528* -0.2393*  0.0643  -0.0392   0.3053*  0.5939*  1.0000 

. corr lwage educ exper tenure black brthord sibs
(obs=852)

             |    lwage     educ    exper   tenure    black  brthord     sibs
-------------+---------------------------------------------------------------
       lwage |   1.0000
        educ |   0.3253   1.0000
       exper |  -0.0033  -0.4655   1.0000
      tenure |   0.1824  -0.0297   0.2311   1.0000
       black |  -0.2184  -0.1444   0.0512  -0.0576   1.0000
     brthord |  -0.1419  -0.2050   0.0883  -0.0285   0.1034   1.0000
        sibs |  -0.1513  -0.2245   0.0589  -0.0459   0.2777   0.5939   1.0000


. 
. **** What is the relationship between age, exper, and lwage
. sum age exper wage

    Variable |        Obs        Mean    Std. Dev.       Min        Max
-------------+---------------------------------------------------------
         age |        935    33.08021    3.107803         28         38
       exper |        935    11.56364    4.374586          1         23
        wage |        935    957.9455    404.3608        115       3078

. **** age range 28 - 38
. **** exper range 1 - 23
. 
. hist age
(bin=29, start=28, width=.34482759)

. hist exper 
(bin=29, start=1, width=.75862069)

. hist lwage
(bin=29, start=4.7449322, width=.11334837)

. 
. reg lwage exper age

      Source |       SS           df       MS      Number of obs   =       935
-------------+----------------------------------   F(2, 932)       =     14.85
       Model |  5.11650616         2  2.55825308   Prob > F        =    0.0000
    Residual |  160.539777       932   .17225298   R-squared       =    0.0309
-------------+----------------------------------   Adj R-squared   =    0.0288
       Total |  165.656283       934  .177362188   Root MSE        =    .41503

------------------------------------------------------------------------------
       lwage |      Coef.   Std. Err.      t    P>|t|     [95% Conf. Interval]
-------------+----------------------------------------------------------------
       exper |  -.0075973   .0035736    -2.13   0.034    -.0146105   -.0005842
         age |   .0272259   .0050302     5.41   0.000     .0173541    .0370977
       _cons |   5.966217   .1508931    39.54   0.000     5.670087    6.262346
------------------------------------------------------------------------------

. testparm exper age

 ( 1)  exper = 0
 ( 2)  age = 0

       F(  2,   932) =   14.85
            Prob > F =    0.0000

. testparm exper

 ( 1)  exper = 0

       F(  1,   932) =    4.52
            Prob > F =    0.0338

. testparm age

 ( 1)  age = 0

       F(  1,   932) =   29.30
            Prob > F =    0.0000

. 
. **** age and exper jointly significant. age individually significant. exper not 
. **** individually significant. 
. 
. graph bar (mean) wage, over(exper)

. graph bar (mean) wage, over(age)

. 
. **** What is the relationship between wage, urban, and south?
. sum urban south

    Variable |        Obs        Mean    Std. Dev.       Min        Max
-------------+---------------------------------------------------------
       urban |        935    .7176471    .4503851          0          1
       south |        935    .3411765    .4743582          0          1

. **** mean of urban .717
. **** mean of south .341
. 
. reg lwage urban south

      Source |       SS           df       MS      Number of obs   =       935
-------------+----------------------------------   F(2, 932)       =     35.95
       Model |  11.8648737         2  5.93243683   Prob > F        =    0.0000
    Residual |   153.79141       932  .165012242   R-squared       =    0.0716
-------------+----------------------------------   Adj R-squared   =    0.0696
       Total |  165.656283       934  .177362188   Root MSE        =    .40622

------------------------------------------------------------------------------
       lwage |      Coef.   Std. Err.      t    P>|t|     [95% Conf. Interval]
-------------+----------------------------------------------------------------
       urban |   .1726317    .029692     5.81   0.000     .1143608    .2309026
       south |  -.1549436   .0281914    -5.50   0.000    -.2102696   -.0996176
       _cons |   6.707978   .0277144   242.04   0.000     6.653588    6.762368
------------------------------------------------------------------------------

. testparm urban south

 ( 1)  urban = 0
 ( 2)  south = 0

       F(  2,   932) =   35.95
            Prob > F =    0.0000

. **** urban and south are individually and jointly significant
. 
. graph bar (mean) wage, over(urban)

. graph bar (mean) wage, over(south)

. 
. ivregress 2sls lwage urban south (educ= sibs) 

Instrumental variables (2SLS) regression          Number of obs   =        935
                                                  Wald chi2(3)    =      89.91
                                                  Prob > chi2     =     0.0000
                                                  R-squared       =     0.0635
                                                  Root MSE        =     .40734

------------------------------------------------------------------------------
       lwage |      Coef.   Std. Err.      z    P>|z|     [95% Conf. Interval]
-------------+----------------------------------------------------------------
        educ |   .1122284   .0261618     4.29   0.000     .0609522    .1635046
       urban |   .1385641   .0308149     4.50   0.000      .078168    .1989601
       south |  -.1080697   .0303075    -3.57   0.000    -.1674713   -.0486681
       _cons |   5.204892   .3514883    14.81   0.000     4.515988    5.893796
------------------------------------------------------------------------------
Instrumented:  educ
Instruments:   urban south sibs

. estat endogenous 

  Tests of endogeneity
  Ho: variables are exogenous

  Durbin (score) chi2(1)          =   5.6363  (p = 0.0176)
  Wu-Hausman F(1,930)             =  5.64016  (p = 0.0178)

. **** Cannot reject the null that variables are exogenous
. 
. estat firststage

  First-stage regression summary statistics
  --------------------------------------------------------------------------
               |            Adjusted      Partial
      Variable |   R-sq.       R-sq.        R-sq.      F(1,931)   Prob > F
  -------------+------------------------------------------------------------
          educ |  0.0670      0.0640       0.0545       53.6769    0.0000
  --------------------------------------------------------------------------


  Minimum eigenvalue statistic = 53.6769     

  Critical Values                      # of endogenous regressors:    1
  Ho: Instruments are weak             # of excluded instruments:     1
  ---------------------------------------------------------------------
                                     |    5%     10%     20%     30%
  2SLS relative bias                 |         (not available)
  -----------------------------------+---------------------------------
                                     |   10%     15%     20%     25%
  2SLS Size of nominal 5% Wald test  |  16.38    8.96    6.66    5.53
  LIML Size of nominal 5% Wald test  |  16.38    8.96    6.66    5.53
  ---------------------------------------------------------------------


. **** Exceeds F-stat threshold for relevant instrument and Wald test ratio 
. 
. ivreg2 lwage married south urban black (educ = sibs brthord) 

IV (2SLS) estimation
--------------------

Estimates efficient for homoskedasticity only
Statistics consistent for homoskedasticity only

                                                      Number of obs =      852
                                                      F(  5,   846) =    29.99
                                                      Prob > F      =   0.0000
Total (centered) SS     =  146.8160646                Centered R2   =   0.1624
Total (uncentered) SS   =  39483.86273                Uncentered R2 =   0.9969
Residual SS             =  122.9672627                Root MSE      =    .3799

------------------------------------------------------------------------------
       lwage |      Coef.   Std. Err.      z    P>|z|     [95% Conf. Interval]
-------------+----------------------------------------------------------------
        educ |   .0985908   .0281036     3.51   0.000     .0435087    .1536729
     married |   .2472474   .0473428     5.22   0.000     .1544572    .3400377
       south |  -.0764894   .0289461    -2.64   0.008    -.1332228    -.019756
       urban |   .1747418   .0316945     5.51   0.000     .1126218    .2368619
       black |  -.1731622   .0513633    -3.37   0.001    -.2738325    -.072492
       _cons |   5.159131   .3931634    13.12   0.000     4.388545    5.929717
------------------------------------------------------------------------------
Underidentification test (Anderson canon. corr. LM statistic):          39.244
                                                   Chi-sq(2) P-val =    0.0000
------------------------------------------------------------------------------
Weak identification test (Cragg-Donald Wald F statistic):               20.400
Stock-Yogo weak ID test critical values: 10% maximal IV size             19.93
                                         15% maximal IV size             11.59
                                         20% maximal IV size              8.75
                                         25% maximal IV size              7.25
Source: Stock-Yogo (2005).  Reproduced by permission.
------------------------------------------------------------------------------
Sargan statistic (overidentification test of all instruments):           0.624
                                                   Chi-sq(1) P-val =    0.4295
------------------------------------------------------------------------------
Instrumented:         educ
Included instruments: married south urban black
Excluded instruments: sibs brthord
------------------------------------------------------------------------------

. **** Sargan stat: Cannot reject the null that the instruments are valid, uncorrelated 
. **** with error term and correctly excluded from the estimated equation
. **** Underidentification Test: Reject the null that the model is underidentified
. **** Weak Identification: Greater than 10% Critical Value, thus instrument relevant
. 
. ivreg2 lwage married south urban exper (educ = sibs)

IV (2SLS) estimation
--------------------

Estimates efficient for homoskedasticity only
Statistics consistent for homoskedasticity only

                                                      Number of obs =      935
                                                      F(  5,   929) =    25.40
                                                      Prob > F      =   0.0000
Total (centered) SS     =  165.6562832                Centered R2   =   0.1479
Total (uncentered) SS   =  43133.48095                Uncentered R2 =   0.9967
Residual SS             =  141.1601609                Root MSE      =    .3886

------------------------------------------------------------------------------
       lwage |      Coef.   Std. Err.      z    P>|z|     [95% Conf. Interval]
-------------+----------------------------------------------------------------
        educ |   .1275131   .0283106     4.50   0.000     .0720252    .1830009
     married |   .2242662   .0414068     5.42   0.000     .1431103     .305422
       south |  -.1089633    .029072    -3.75   0.000    -.1659434   -.0519832
       urban |   .1533016   .0290146     5.28   0.000     .0964339    .2101692
       exper |   .0304665   .0070488     4.32   0.000     .0166511    .0442819
       _cons |   4.436176   .4596389     9.65   0.000       3.5353    5.337051
------------------------------------------------------------------------------
Underidentification test (Anderson canon. corr. LM statistic):          49.905
                                                   Chi-sq(1) P-val =    0.0000
------------------------------------------------------------------------------
Weak identification test (Cragg-Donald Wald F statistic):               52.381
Stock-Yogo weak ID test critical values: 10% maximal IV size             16.38
                                         15% maximal IV size              8.96
                                         20% maximal IV size              6.66
                                         25% maximal IV size              5.53
Source: Stock-Yogo (2005).  Reproduced by permission.
------------------------------------------------------------------------------
Sargan statistic (overidentification test of all instruments):           0.000
                                                 (equation exactly identified)
------------------------------------------------------------------------------
Instrumented:         educ
Included instruments: married south urban exper
Excluded instruments: sibs
------------------------------------------------------------------------------

. **** Underidentification Test: Reject the null that the model is underidentified
. **** Weak Identification: Greater than 10% Critical Value, thus instrument relevant
.  
. ivreg2 lwage married south urban black exper (educ = brthord) 

IV (2SLS) estimation
--------------------

Estimates efficient for homoskedasticity only
Statistics consistent for homoskedasticity only

                                                      Number of obs =      852
                                                      F(  6,   845) =    24.31
                                                      Prob > F      =   0.0000
Total (centered) SS     =  146.8160646                Centered R2   =   0.1385
Total (uncentered) SS   =  39483.86273                Uncentered R2 =   0.9968
Residual SS             =  126.4803458                Root MSE      =    .3853

------------------------------------------------------------------------------
       lwage |      Coef.   Std. Err.      z    P>|z|     [95% Conf. Interval]
-------------+----------------------------------------------------------------
        educ |   .1383167   .0397462     3.48   0.001     .0604155    .2162179
     married |    .226789   .0466243     4.86   0.000     .1354071     .318171
       south |  -.0674412   .0299357    -2.25   0.024    -.1261141   -.0087682
       urban |   .1732902   .0323531     5.36   0.000     .1098792    .2367011
       black |  -.1598989   .0543856    -2.94   0.003    -.2664927   -.0533052
       exper |   .0322649   .0095446     3.38   0.001     .0135578     .050972
       _cons |   4.262981   .6510725     6.55   0.000     2.986902     5.53906
------------------------------------------------------------------------------
Underidentification test (Anderson canon. corr. LM statistic):          25.549
                                                   Chi-sq(1) P-val =    0.0000
------------------------------------------------------------------------------
Weak identification test (Cragg-Donald Wald F statistic):               26.122
Stock-Yogo weak ID test critical values: 10% maximal IV size             16.38
                                         15% maximal IV size              8.96
                                         20% maximal IV size              6.66
                                         25% maximal IV size              5.53
Source: Stock-Yogo (2005).  Reproduced by permission.
------------------------------------------------------------------------------
Sargan statistic (overidentification test of all instruments):           0.000
                                                 (equation exactly identified)
------------------------------------------------------------------------------
Instrumented:         educ
Included instruments: married south urban black exper
Excluded instruments: brthord
------------------------------------------------------------------------------

. **** Underidentification Test: Reject the null that the model is underidentified
. **** Weak Identification: F-stat Greater than 10% Critical Value, thus instrument relevant
. 
. ivreg2 lwage married south urban exper (educ = sibs black) 

IV (2SLS) estimation
--------------------

Estimates efficient for homoskedasticity only
Statistics consistent for homoskedasticity only

                                                      Number of obs =      935
                                                      F(  5,   929) =    25.76
                                                      Prob > F      =   0.0000
Total (centered) SS     =  165.6562832                Centered R2   =   0.0291
Total (uncentered) SS   =  43133.48095                Uncentered R2 =   0.9963
Residual SS             =   160.840998                Root MSE      =    .4148

------------------------------------------------------------------------------
       lwage |      Coef.   Std. Err.      z    P>|z|     [95% Conf. Interval]
-------------+----------------------------------------------------------------
        educ |   .1654324   .0278624     5.94   0.000     .1108232    .2200417
     married |   .2261633   .0441953     5.12   0.000     .1395421    .3127844
       south |  -.0944356    .030707    -3.08   0.002    -.1546202   -.0342509
       urban |    .145645   .0308811     4.72   0.000     .0851193    .2061708
       exper |   .0390559   .0070418     5.55   0.000     .0252542    .0528576
       _cons |    3.82498   .4529348     8.44   0.000     2.937244    4.712716
------------------------------------------------------------------------------
Underidentification test (Anderson canon. corr. LM statistic):          58.708
                                                   Chi-sq(2) P-val =    0.0000
------------------------------------------------------------------------------
Weak identification test (Cragg-Donald Wald F statistic):               31.086
Stock-Yogo weak ID test critical values: 10% maximal IV size             19.93
                                         15% maximal IV size             11.59
                                         20% maximal IV size              8.75
                                         25% maximal IV size              7.25
Source: Stock-Yogo (2005).  Reproduced by permission.
------------------------------------------------------------------------------
Sargan statistic (overidentification test of all instruments):          10.501
                                                   Chi-sq(1) P-val =    0.0012
------------------------------------------------------------------------------
Instrumented:         educ
Included instruments: married south urban exper
Excluded instruments: sibs black
------------------------------------------------------------------------------

. **** Overidentification detected
. 
. ivreg2 lwage married urban exper (educ = IQ black) 

IV (2SLS) estimation
--------------------

Estimates efficient for homoskedasticity only
Statistics consistent for homoskedasticity only

                                                      Number of obs =      935
                                                      F(  4,   930) =    42.96
                                                      Prob > F      =   0.0000
Total (centered) SS     =  165.6562832                Centered R2   =   0.0894
Total (uncentered) SS   =  43133.48095                Uncentered R2 =   0.9965
Residual SS             =  150.8520198                Root MSE      =    .4017

------------------------------------------------------------------------------
       lwage |      Coef.   Std. Err.      z    P>|z|     [95% Conf. Interval]
-------------+----------------------------------------------------------------
        educ |   .1444016    .014146    10.21   0.000     .1166759    .1721273
     married |   .2224594    .042782     5.20   0.000     .1386083    .3063105
       urban |   .1616083   .0294389     5.49   0.000      .103909    .2193075
       exper |   .0341329   .0044123     7.74   0.000     .0254849    .0427809
       _cons |   4.124793    .232775    17.72   0.000     3.668563    4.581024
------------------------------------------------------------------------------
Underidentification test (Anderson canon. corr. LM statistic):         211.779
                                                   Chi-sq(2) P-val =    0.0000
------------------------------------------------------------------------------
Weak identification test (Cragg-Donald Wald F statistic):              136.018
Stock-Yogo weak ID test critical values: 10% maximal IV size             19.93
                                         15% maximal IV size             11.59
                                         20% maximal IV size              8.75
                                         25% maximal IV size              7.25
Source: Stock-Yogo (2005).  Reproduced by permission.
------------------------------------------------------------------------------
Sargan statistic (overidentification test of all instruments):          17.459
                                                   Chi-sq(1) P-val =    0.0000
------------------------------------------------------------------------------
Instrumented:         educ
Included instruments: married urban exper
Excluded instruments: IQ black
------------------------------------------------------------------------------

. **** Reject null of underidentification, F-stat greater than 10% Critical Value
.  
. log close
      name:  <unnamed>
       log:  C:\Users\rayde\Documents\wage_ivreg2.log
  log type:  text
 closed on:  31 May 2019, 18:25:29
------------------------------------------------------------------------------------------------------------------
