-------------------------------------------
      name:  <unnamed>
       log:  C:\Users\dray\Downloads\ps1sol
> utions.log
  log type:  text
 opened on:   2 Oct 2018, 17:30:05

. uses fertility.dta
command uses is unrecognized
r(199);

. use fertility.dta

. sum agem1

    Variable |        Obs        Mean    St
> d. Dev.       Min        Max
-------------+-----------------------------
> ----------------------------
       agem1 |    254,654    30.39327    3.
> 386447         21         35

. sum weeksm1

    Variable |        Obs        Mean    St
> d. Dev.       Min        Max
-------------+-----------------------------
> ----------------------------
     weeksm1 |    254,654    19.01833    21
> .86728          0         52

. gen noWork=(weeksm1==0)

. tab nowork
variable nowork not found
r(111);

. tab noWork

     noWork |      Freq.     Percent       
>  Cum.
------------+------------------------------
> -----
          0 |    134,513       52.82       
> 52.82
          1 |    120,141       47.18      1
> 00.00
------------+------------------------------
> -----
      Total |    254,654      100.00

. sum weeksm1 if noWork==0

    Variable |        Obs        Mean    St
> d. Dev.       Min        Max
-------------+-----------------------------
> ----------------------------
     weeksm1 |    134,513    36.00466    17
> .13699          1         52

. tab morekids

  =1 if mom |
   had more |
than 2 kids |      Freq.     Percent       
>  Cum.
------------+------------------------------
> -----
          0 |    157,742       61.94       
> 61.94
          1 |     96,912       38.06      1
> 00.00
------------+------------------------------
> -----
      Total |    254,654      100.00

. tab samesex

  =1 if 1st |
   two kids |
   same sex |      Freq.     Percent       
>  Cum.
------------+------------------------------
> -----
          0 |    125,909       49.44       
> 49.44
          1 |    128,745       50.56      1
> 00.00
------------+------------------------------
> -----
      Total |    254,654      100.00

. reg weeksm1 morekids

      Source |       SS           df       MS      Number of obs   =   254,65
> 4
-------------+----------------------------------   F(1, 254652)    =   3696.0
> 2
       Model |  1742078.14         1  1742078.14   Prob > F        =    0.000
> 0
    Residual |   120027337   254,652  471.338679   R-squared       =    0.014
> 3
-------------+----------------------------------   Adj R-squared   =    0.014
> 3
       Total |   121769415   254,653  478.177816   Root MSE        =     21.7
> 1

-----------------------------------------------------------------------------
> -
     weeksm1 |      Coef.   Std. Err.      t    P>|t|     [95% Conf. Interval
> ]
-------------+---------------------------------------------------------------
> -
    morekids |  -5.386996   .0886093   -60.79   0.000    -5.560667   -5.21332
> 4
       _cons |   21.06843   .0546629   385.42   0.000     20.96129    21.1755
> 7
-----------------------------------------------------------------------------
> -

. reg weeksm1 morekids black hispan othrace age

      Source |       SS           df       MS      Number of obs   =   254,65
> 4
-------------+----------------------------------   F(5, 254648)    =   2330.7
> 8
       Model |  5328869.45         5  1065773.89   Prob > F        =    0.000
> 0
    Residual |   116440546   254,648  457.260791   R-squared       =    0.043
> 8
-------------+----------------------------------   Adj R-squared   =    0.043
> 7
       Total |   121769415   254,653  478.177816   Root MSE        =    21.38
> 4

-----------------------------------------------------------------------------
> -
     weeksm1 |      Coef.   Std. Err.      t    P>|t|     [95% Conf. Interval
> ]
-------------+---------------------------------------------------------------
> -
    morekids |  -6.230418   .0881296   -70.70   0.000     -6.40315   -6.05768
> 7
       black |   11.66424   .1921723    60.70   0.000     11.28759    12.0408
> 9
      hispan |    .466093   .1793652     2.60   0.009      .114542    .817643
> 9
     othrace |   2.142125   .2030385    10.55   0.000     1.744175    2.54007
> 5
       agem1 |   .8378841   .0126208    66.39   0.000     .8131476    .862620
> 7
       _cons |  -4.834514   .3854049   -12.54   0.000    -5.589898   -4.07913
> 1
-----------------------------------------------------------------------------
> -

. reg morekids samesex black hispan othrace age

      Source |       SS           df       MS      Number of obs   =   254,65
> 4
-------------+----------------------------------   F(5, 254648)    =   1262.0
> 9
       Model |  1451.65094         5  290.330189   Prob > F        =    0.000
> 0
    Residual |  58579.1858   254,648  .230039843   R-squared       =    0.024
> 2
-------------+----------------------------------   Adj R-squared   =    0.024
> 2
       Total |  60030.8368   254,653  .235735832   Root MSE        =    .4796
> 2

-----------------------------------------------------------------------------
> -
    morekids |      Coef.   Std. Err.      t    P>|t|     [95% Conf. Interval
> ]
-------------+---------------------------------------------------------------
> -
     samesex |   .0680081    .001901    35.77   0.000     .0642821    .071734
> 1
       black |   .1005237   .0043058    23.35   0.000     .0920844    .108962
> 9
      hispan |   .1512258   .0040119    37.69   0.000     .1433625    .159089
> 2
     othrace |   .0275069   .0045537     6.04   0.000     .0185817    .036432
> 1
       agem1 |   .0153898   .0002814    54.68   0.000     .0148382    .015941
> 5
       _cons |  -.1395319   .0086985   -16.04   0.000    -.1565808    -.12248
> 3
-----------------------------------------------------------------------------
> -

. predict xhat, xb

. test samesex

 ( 1)  samesex = 0

       F(  1,254648) = 1279.81
            Prob > F =    0.0000

. help xb

. reg weeksm1 xhat black hispan othrace age

      Source |       SS           df       MS      Number of obs   =   254,65
> 4
-------------+----------------------------------   F(5, 254648)    =   1309.9
> 6
       Model |  3053483.45         5  610696.689   Prob > F        =    0.000
> 0
    Residual |   118715932   254,648  466.196208   R-squared       =    0.025
> 1
-------------+----------------------------------   Adj R-squared   =    0.025
> 1
       Total |   121769415   254,653  478.177816   Root MSE        =    21.59
> 2

-----------------------------------------------------------------------------
> -
     weeksm1 |      Coef.   Std. Err.      t    P>|t|     [95% Conf. Interval
> ]
-------------+---------------------------------------------------------------
> -
        xhat |  -5.821051   1.258374    -4.63   0.000    -8.287432   -3.35467
> 1
       black |   11.62327   .2311475    50.29   0.000     11.17023    12.0763
> 2
      hispan |   .4041803   .2623734     1.54   0.123    -.1100647    .918425
> 2
     othrace |   2.130962   .2078505    10.25   0.000     1.723581    2.53834
> 3
       agem1 |   .8315975    .023108    35.99   0.000     .7863065    .876888
> 6
       _cons |  -4.791894   .4105101   -11.67   0.000    -5.596482   -3.98730
> 5
-----------------------------------------------------------------------------
> -

. test samesex
samesex not found
r(111);

. reg morekids samesex black hispan othrace age

      Source |       SS           df       MS      Number of obs   =   254,65
> 4
-------------+----------------------------------   F(5, 254648)    =   1262.0
> 9
       Model |  1451.65094         5  290.330189   Prob > F        =    0.000
> 0
    Residual |  58579.1858   254,648  .230039843   R-squared       =    0.024
> 2
-------------+----------------------------------   Adj R-squared   =    0.024
> 2
       Total |  60030.8368   254,653  .235735832   Root MSE        =    .4796
> 2

-----------------------------------------------------------------------------
> -
    morekids |      Coef.   Std. Err.      t    P>|t|     [95% Conf. Interval
> ]
-------------+---------------------------------------------------------------
> -
     samesex |   .0680081    .001901    35.77   0.000     .0642821    .071734
> 1
       black |   .1005237   .0043058    23.35   0.000     .0920844    .108962
> 9
      hispan |   .1512258   .0040119    37.69   0.000     .1433625    .159089
> 2
     othrace |   .0275069   .0045537     6.04   0.000     .0185817    .036432
> 1
       agem1 |   .0153898   .0002814    54.68   0.000     .0148382    .015941
> 5
       _cons |  -.1395319   .0086985   -16.04   0.000    -.1565808    -.12248
> 3
-----------------------------------------------------------------------------
> -

. test samesex

 ( 1)  samesex = 0

       F(  1,254648) = 1279.81
            Prob > F =    0.0000

. corr samesex morekidsd
variable morekidsd not found
r(111);

. corr samesex morekids
(obs=254,654)

             |  samesex morekids
-------------+------------------
     samesex |   1.0000
    morekids |   0.0695   1.0000


. exit, clear
